01.txt
╒══════════════╤════════╤════════╤════════╤════════╕
│ x := input() │ w:   0 │ x: I_1 │ y:   0 │ z:   0 │
├──────────────┼────────┼────────┼────────┼────────┤
│ y := input() │ w:   0 │ x: I_1 │ y: I_2 │ z:   0 │
├──────────────┼────────┼────────┼────────┼────────┤
│ x := x * 3   │ w:   0 │ x: ?_3 │ y: I_2 │ z:   0 │
├──────────────┼────────┼────────┼────────┼────────┤
│ x := x = y   │ w:   0 │ x: ?_4 │ y: I_2 │ z:   0 │
╘══════════════╧════════╧════════╧════════╧════════╛

02.txt
╒══════════════╤════════╤════════╤════════╤════════╕
│ w := input() │ w: I_1 │ x:   0 │ y:   0 │ z:   0 │
├──────────────┼────────┼────────┼────────┼────────┤
│ x := x + w   │ w: I_1 │ x: I_1 │ y:   0 │ z:   0 │
├──────────────┼────────┼────────┼────────┼────────┤
│ w := w = x   │ w:   1 │ x: I_1 │ y:   0 │ z:   0 │
╘══════════════╧════════╧════════╧════════╧════════╛

03.txt
╒══════════════╤════════╤════════╤════════╤════════╕
│ w := input() │ w: I_1 │ x:   0 │ y:   0 │ z:   0 │
├──────────────┼────────┼────────┼────────┼────────┤
│ x := input() │ w: I_1 │ x: I_2 │ y:   0 │ z:   0 │
├──────────────┼────────┼────────┼────────┼────────┤
│ w := w = x   │ w: ?_3 │ x: I_2 │ y:   0 │ z:   0 │
├──────────────┼────────┼────────┼────────┼────────┤
│ w := w = 2   │ w: ?_4 │ x: I_2 │ y:   0 │ z:   0 │
╘══════════════╧════════╧════════╧════════╧════════╛

04.txt
╒══════════════╤════════╤════════╤════════╤════════╕
│ w := input() │ w: I_1 │ x:   0 │ y:   0 │ z:   0 │
├──────────────┼────────┼────────┼────────┼────────┤
│ w := w + 3   │ w: ?_2 │ x:   0 │ y:   0 │ z:   0 │
├──────────────┼────────┼────────┼────────┼────────┤
│ x := x * 0   │ w: ?_2 │ x:   0 │ y:   0 │ z:   0 │
├──────────────┼────────┼────────┼────────┼────────┤
│ x := x + w   │ w: ?_2 │ x: ?_2 │ y:   0 │ z:   0 │
├──────────────┼────────┼────────┼────────┼────────┤
│ w := w = x   │ w:   1 │ x: ?_2 │ y:   0 │ z:   0 │
╘══════════════╧════════╧════════╧════════╧════════╛

05.txt
╒══════════════╤════════╤════════╤════════╤════════╕
│ w := input() │ w: I_1 │ x:   0 │ y:   0 │ z:   0 │
├──────────────┼────────┼────────┼────────┼────────┤
│ z := z + w   │ w: I_1 │ x:   0 │ y:   0 │ z: I_1 │
├──────────────┼────────┼────────┼────────┼────────┤
│ z := z % 2   │ w: I_1 │ x:   0 │ y:   0 │ z: ?_2 │
├──────────────┼────────┼────────┼────────┼────────┤
│ w := w / 2   │ w: ?_3 │ x:   0 │ y:   0 │ z: ?_2 │
├──────────────┼────────┼────────┼────────┼────────┤
│ y := y + w   │ w: ?_3 │ x:   0 │ y: ?_3 │ z: ?_2 │
├──────────────┼────────┼────────┼────────┼────────┤
│ y := y % 2   │ w: ?_3 │ x:   0 │ y: ?_4 │ z: ?_2 │
├──────────────┼────────┼────────┼────────┼────────┤
│ w := w / 2   │ w: ?_5 │ x:   0 │ y: ?_4 │ z: ?_2 │
├──────────────┼────────┼────────┼────────┼────────┤
│ x := x + w   │ w: ?_5 │ x: ?_5 │ y: ?_4 │ z: ?_2 │
├──────────────┼────────┼────────┼────────┼────────┤
│ x := x % 2   │ w: ?_5 │ x: ?_6 │ y: ?_4 │ z: ?_2 │
├──────────────┼────────┼────────┼────────┼────────┤
│ w := w / 2   │ w: ?_7 │ x: ?_6 │ y: ?_4 │ z: ?_2 │
├──────────────┼────────┼────────┼────────┼────────┤
│ w := w % 2   │ w: ?_8 │ x: ?_6 │ y: ?_4 │ z: ?_2 │
╘══════════════╧════════╧════════╧════════╧════════╛

aoc_2021.txt
╒══════════════╤══════════╤══════════╤══════════╤══════════╕
│ w := input() │ w: I_1   │ x:   0   │ y:   0   │ z:   0   │
├──────────────┼──────────┼──────────┼──────────┼──────────┤
│ x := x * 0   │ w: I_1   │ x:   0   │ y:   0   │ z:   0   │
├──────────────┼──────────┼──────────┼──────────┼──────────┤
│ x := x + z   │ w: I_1   │ x:   0   │ y:   0   │ z:   0   │
├──────────────┼──────────┼──────────┼──────────┼──────────┤
│ x := x % 26  │ w: I_1   │ x:   0   │ y:   0   │ z:   0   │
├──────────────┼──────────┼──────────┼──────────┼──────────┤
│ z := z / 1   │ w: I_1   │ x:   0   │ y:   0   │ z:   0   │
├──────────────┼──────────┼──────────┼──────────┼──────────┤
│ x := x + 11  │ w: I_1   │ x:  11   │ y:   0   │ z:   0   │
├──────────────┼──────────┼──────────┼──────────┼──────────┤
│ x := x = w   │ w: I_1   │ x: ?_2   │ y:   0   │ z:   0   │
├──────────────┼──────────┼──────────┼──────────┼──────────┤
│ x := x = 0   │ w: I_1   │ x: ?_3   │ y:   0   │ z:   0   │
├──────────────┼──────────┼──────────┼──────────┼──────────┤
│ y := y * 0   │ w: I_1   │ x: ?_3   │ y:   0   │ z:   0   │
├──────────────┼──────────┼──────────┼──────────┼──────────┤
│ y := y + 25  │ w: I_1   │ x: ?_3   │ y:  25   │ z:   0   │
├──────────────┼──────────┼──────────┼──────────┼──────────┤
│ y := y * x   │ w: I_1   │ x: ?_3   │ y: ?_4   │ z:   0   │
├──────────────┼──────────┼──────────┼──────────┼──────────┤
│ y := y + 1   │ w: I_1   │ x: ?_3   │ y: ?_5   │ z:   0   │
├──────────────┼──────────┼──────────┼──────────┼──────────┤
│ z := z * y   │ w: I_1   │ x: ?_3   │ y: ?_5   │ z:   0   │
├──────────────┼──────────┼──────────┼──────────┼──────────┤
│ y := y * 0   │ w: I_1   │ x: ?_3   │ y:   0   │ z:   0   │
├──────────────┼──────────┼──────────┼──────────┼──────────┤
│ y := y + w   │ w: I_1   │ x: ?_3   │ y: I_1   │ z:   0   │
├──────────────┼──────────┼──────────┼──────────┼──────────┤
│ y := y + 3   │ w: I_1   │ x: ?_3   │ y: ?_6   │ z:   0   │
├──────────────┼──────────┼──────────┼──────────┼──────────┤
│ y := y * x   │ w: I_1   │ x: ?_3   │ y: ?_7   │ z:   0   │
├──────────────┼──────────┼──────────┼──────────┼──────────┤
│ z := z + y   │ w: I_1   │ x: ?_3   │ y: ?_7   │ z: ?_7   │
├──────────────┼──────────┼──────────┼──────────┼──────────┤
│ w := input() │ w: I_8   │ x: ?_3   │ y: ?_7   │ z: ?_7   │
├──────────────┼──────────┼──────────┼──────────┼──────────┤
│ x := x * 0   │ w: I_8   │ x:   0   │ y: ?_7   │ z: ?_7   │
├──────────────┼──────────┼──────────┼──────────┼──────────┤
│ x := x + z   │ w: I_8   │ x: ?_7   │ y: ?_7   │ z: ?_7   │
├──────────────┼──────────┼──────────┼──────────┼──────────┤
│ x := x % 26  │ w: I_8   │ x: ?_9   │ y: ?_7   │ z: ?_7   │
├──────────────┼──────────┼──────────┼──────────┼──────────┤
│ z := z / 1   │ w: I_8   │ x: ?_9   │ y: ?_7   │ z: ?_7   │
├──────────────┼──────────┼──────────┼──────────┼──────────┤
│ x := x + 14  │ w: I_8   │ x: ?_10  │ y: ?_7   │ z: ?_7   │
├──────────────┼──────────┼──────────┼──────────┼──────────┤
│ x := x = w   │ w: I_8   │ x: ?_11  │ y: ?_7   │ z: ?_7   │
├──────────────┼──────────┼──────────┼──────────┼──────────┤
│ x := x = 0   │ w: I_8   │ x: ?_12  │ y: ?_7   │ z: ?_7   │
├──────────────┼──────────┼──────────┼──────────┼──────────┤
│ y := y * 0   │ w: I_8   │ x: ?_12  │ y:   0   │ z: ?_7   │
├──────────────┼──────────┼──────────┼──────────┼──────────┤
│ y := y + 25  │ w: I_8   │ x: ?_12  │ y:  25   │ z: ?_7   │
├──────────────┼──────────┼──────────┼──────────┼──────────┤
│ y := y * x   │ w: I_8   │ x: ?_12  │ y: ?_13  │ z: ?_7   │
├──────────────┼──────────┼──────────┼──────────┼──────────┤
│ y := y + 1   │ w: I_8   │ x: ?_12  │ y: ?_14  │ z: ?_7   │
├──────────────┼──────────┼──────────┼──────────┼──────────┤
│ z := z * y   │ w: I_8   │ x: ?_12  │ y: ?_14  │ z: ?_15  │
├──────────────┼──────────┼──────────┼──────────┼──────────┤
│ y := y * 0   │ w: I_8   │ x: ?_12  │ y:   0   │ z: ?_15  │
├──────────────┼──────────┼──────────┼──────────┼──────────┤
│ y := y + w   │ w: I_8   │ x: ?_12  │ y: I_8   │ z: ?_15  │
├──────────────┼──────────┼──────────┼──────────┼──────────┤
│ y := y + 7   │ w: I_8   │ x: ?_12  │ y: ?_16  │ z: ?_15  │
├──────────────┼──────────┼──────────┼──────────┼──────────┤
│ y := y * x   │ w: I_8   │ x: ?_12  │ y: ?_17  │ z: ?_15  │
├──────────────┼──────────┼──────────┼──────────┼──────────┤
│ z := z + y   │ w: I_8   │ x: ?_12  │ y: ?_17  │ z: ?_18  │
├──────────────┼──────────┼──────────┼──────────┼──────────┤
│ w := input() │ w: I_19  │ x: ?_12  │ y: ?_17  │ z: ?_18  │
├──────────────┼──────────┼──────────┼──────────┼──────────┤
│ x := x * 0   │ w: I_19  │ x:   0   │ y: ?_17  │ z: ?_18  │
├──────────────┼──────────┼──────────┼──────────┼──────────┤
│ x := x + z   │ w: I_19  │ x: ?_18  │ y: ?_17  │ z: ?_18  │
├──────────────┼──────────┼──────────┼──────────┼──────────┤
│ x := x % 26  │ w: I_19  │ x: ?_20  │ y: ?_17  │ z: ?_18  │
├──────────────┼──────────┼──────────┼──────────┼──────────┤
│ z := z / 1   │ w: I_19  │ x: ?_20  │ y: ?_17  │ z: ?_18  │
├──────────────┼──────────┼──────────┼──────────┼──────────┤
│ x := x + 13  │ w: I_19  │ x: ?_21  │ y: ?_17  │ z: ?_18  │
├──────────────┼──────────┼──────────┼──────────┼──────────┤
│ x := x = w   │ w: I_19  │ x: ?_22  │ y: ?_17  │ z: ?_18  │
├──────────────┼──────────┼──────────┼──────────┼──────────┤
│ x := x = 0   │ w: I_19  │ x: ?_23  │ y: ?_17  │ z: ?_18  │
├──────────────┼──────────┼──────────┼──────────┼──────────┤
│ y := y * 0   │ w: I_19  │ x: ?_23  │ y:   0   │ z: ?_18  │
├──────────────┼──────────┼──────────┼──────────┼──────────┤
│ y := y + 25  │ w: I_19  │ x: ?_23  │ y:  25   │ z: ?_18  │
├──────────────┼──────────┼──────────┼──────────┼──────────┤
│ y := y * x   │ w: I_19  │ x: ?_23  │ y: ?_24  │ z: ?_18  │
├──────────────┼──────────┼──────────┼──────────┼──────────┤
│ y := y + 1   │ w: I_19  │ x: ?_23  │ y: ?_25  │ z: ?_18  │
├──────────────┼──────────┼──────────┼──────────┼──────────┤
│ z := z * y   │ w: I_19  │ x: ?_23  │ y: ?_25  │ z: ?_26  │
├──────────────┼──────────┼──────────┼──────────┼──────────┤
│ y := y * 0   │ w: I_19  │ x: ?_23  │ y:   0   │ z: ?_26  │
├──────────────┼──────────┼──────────┼──────────┼──────────┤
│ y := y + w   │ w: I_19  │ x: ?_23  │ y: I_19  │ z: ?_26  │
├──────────────┼──────────┼──────────┼──────────┼──────────┤
│ y := y + 1   │ w: I_19  │ x: ?_23  │ y: ?_27  │ z: ?_26  │
├──────────────┼──────────┼──────────┼──────────┼──────────┤
│ y := y * x   │ w: I_19  │ x: ?_23  │ y: ?_28  │ z: ?_26  │
├──────────────┼──────────┼──────────┼──────────┼──────────┤
│ z := z + y   │ w: I_19  │ x: ?_23  │ y: ?_28  │ z: ?_29  │
├──────────────┼──────────┼──────────┼──────────┼──────────┤
│ w := input() │ w: I_30  │ x: ?_23  │ y: ?_28  │ z: ?_29  │
├──────────────┼──────────┼──────────┼──────────┼──────────┤
│ x := x * 0   │ w: I_30  │ x:   0   │ y: ?_28  │ z: ?_29  │
├──────────────┼──────────┼──────────┼──────────┼──────────┤
│ x := x + z   │ w: I_30  │ x: ?_29  │ y: ?_28  │ z: ?_29  │
├──────────────┼──────────┼──────────┼──────────┼──────────┤
│ x := x % 26  │ w: I_30  │ x: ?_31  │ y: ?_28  │ z: ?_29  │
├──────────────┼──────────┼──────────┼──────────┼──────────┤
│ z := z / 26  │ w: I_30  │ x: ?_31  │ y: ?_28  │ z: ?_32  │
├──────────────┼──────────┼──────────┼──────────┼──────────┤
│ x := x + -4  │ w: I_30  │ x: ?_33  │ y: ?_28  │ z: ?_32  │
├──────────────┼──────────┼──────────┼──────────┼──────────┤
│ x := x = w   │ w: I_30  │ x: ?_34  │ y: ?_28  │ z: ?_32  │
├──────────────┼──────────┼──────────┼──────────┼──────────┤
│ x := x = 0   │ w: I_30  │ x: ?_35  │ y: ?_28  │ z: ?_32  │
├──────────────┼──────────┼──────────┼──────────┼──────────┤
│ y := y * 0   │ w: I_30  │ x: ?_35  │ y:   0   │ z: ?_32  │
├──────────────┼──────────┼──────────┼──────────┼──────────┤
│ y := y + 25  │ w: I_30  │ x: ?_35  │ y:  25   │ z: ?_32  │
├──────────────┼──────────┼──────────┼──────────┼──────────┤
│ y := y * x   │ w: I_30  │ x: ?_35  │ y: ?_36  │ z: ?_32  │
├──────────────┼──────────┼──────────┼──────────┼──────────┤
│ y := y + 1   │ w: I_30  │ x: ?_35  │ y: ?_37  │ z: ?_32  │
├──────────────┼──────────┼──────────┼──────────┼──────────┤
│ z := z * y   │ w: I_30  │ x: ?_35  │ y: ?_37  │ z: ?_38  │
├──────────────┼──────────┼──────────┼──────────┼──────────┤
│ y := y * 0   │ w: I_30  │ x: ?_35  │ y:   0   │ z: ?_38  │
├──────────────┼──────────┼──────────┼──────────┼──────────┤
│ y := y + w   │ w: I_30  │ x: ?_35  │ y: I_30  │ z: ?_38  │
├──────────────┼──────────┼──────────┼──────────┼──────────┤
│ y := y + 6   │ w: I_30  │ x: ?_35  │ y: ?_39  │ z: ?_38  │
├──────────────┼──────────┼──────────┼──────────┼──────────┤
│ y := y * x   │ w: I_30  │ x: ?_35  │ y: ?_40  │ z: ?_38  │
├──────────────┼──────────┼──────────┼──────────┼──────────┤
│ z := z + y   │ w: I_30  │ x: ?_35  │ y: ?_40  │ z: ?_41  │
├──────────────┼──────────┼──────────┼──────────┼──────────┤
│ w := input() │ w: I_42  │ x: ?_35  │ y: ?_40  │ z: ?_41  │
├──────────────┼──────────┼──────────┼──────────┼──────────┤
│ x := x * 0   │ w: I_42  │ x:   0   │ y: ?_40  │ z: ?_41  │
├──────────────┼──────────┼──────────┼──────────┼──────────┤
│ x := x + z   │ w: I_42  │ x: ?_41  │ y: ?_40  │ z: ?_41  │
├──────────────┼──────────┼──────────┼──────────┼──────────┤
│ x := x % 26  │ w: I_42  │ x: ?_43  │ y: ?_40  │ z: ?_41  │
├──────────────┼──────────┼──────────┼──────────┼──────────┤
│ z := z / 1   │ w: I_42  │ x: ?_43  │ y: ?_40  │ z: ?_41  │
├──────────────┼──────────┼──────────┼──────────┼──────────┤
│ x := x + 11  │ w: I_42  │ x: ?_44  │ y: ?_40  │ z: ?_41  │
├──────────────┼──────────┼──────────┼──────────┼──────────┤
│ x := x = w   │ w: I_42  │ x: ?_45  │ y: ?_40  │ z: ?_41  │
├──────────────┼──────────┼──────────┼──────────┼──────────┤
│ x := x = 0   │ w: I_42  │ x: ?_46  │ y: ?_40  │ z: ?_41  │
├──────────────┼──────────┼──────────┼──────────┼──────────┤
│ y := y * 0   │ w: I_42  │ x: ?_46  │ y:   0   │ z: ?_41  │
├──────────────┼──────────┼──────────┼──────────┼──────────┤
│ y := y + 25  │ w: I_42  │ x: ?_46  │ y:  25   │ z: ?_41  │
├──────────────┼──────────┼──────────┼──────────┼──────────┤
│ y := y * x   │ w: I_42  │ x: ?_46  │ y: ?_47  │ z: ?_41  │
├──────────────┼──────────┼──────────┼──────────┼──────────┤
│ y := y + 1   │ w: I_42  │ x: ?_46  │ y: ?_48  │ z: ?_41  │
├──────────────┼──────────┼──────────┼──────────┼──────────┤
│ z := z * y   │ w: I_42  │ x: ?_46  │ y: ?_48  │ z: ?_49  │
├──────────────┼──────────┼──────────┼──────────┼──────────┤
│ y := y * 0   │ w: I_42  │ x: ?_46  │ y:   0   │ z: ?_49  │
├──────────────┼──────────┼──────────┼──────────┼──────────┤
│ y := y + w   │ w: I_42  │ x: ?_46  │ y: I_42  │ z: ?_49  │
├──────────────┼──────────┼──────────┼──────────┼──────────┤
│ y := y + 14  │ w: I_42  │ x: ?_46  │ y: ?_50  │ z: ?_49  │
├──────────────┼──────────┼──────────┼──────────┼──────────┤
│ y := y * x   │ w: I_42  │ x: ?_46  │ y: ?_51  │ z: ?_49  │
├──────────────┼──────────┼──────────┼──────────┼──────────┤
│ z := z + y   │ w: I_42  │ x: ?_46  │ y: ?_51  │ z: ?_52  │
├──────────────┼──────────┼──────────┼──────────┼──────────┤
│ w := input() │ w: I_53  │ x: ?_46  │ y: ?_51  │ z: ?_52  │
├──────────────┼──────────┼──────────┼──────────┼──────────┤
│ x := x * 0   │ w: I_53  │ x:   0   │ y: ?_51  │ z: ?_52  │
├──────────────┼──────────┼──────────┼──────────┼──────────┤
│ x := x + z   │ w: I_53  │ x: ?_52  │ y: ?_51  │ z: ?_52  │
├──────────────┼──────────┼──────────┼──────────┼──────────┤
│ x := x % 26  │ w: I_53  │ x: ?_54  │ y: ?_51  │ z: ?_52  │
├──────────────┼──────────┼──────────┼──────────┼──────────┤
│ z := z / 1   │ w: I_53  │ x: ?_54  │ y: ?_51  │ z: ?_52  │
├──────────────┼──────────┼──────────┼──────────┼──────────┤
│ x := x + 10  │ w: I_53  │ x: ?_55  │ y: ?_51  │ z: ?_52  │
├──────────────┼──────────┼──────────┼──────────┼──────────┤
│ x := x = w   │ w: I_53  │ x: ?_56  │ y: ?_51  │ z: ?_52  │
├──────────────┼──────────┼──────────┼──────────┼──────────┤
│ x := x = 0   │ w: I_53  │ x: ?_57  │ y: ?_51  │ z: ?_52  │
├──────────────┼──────────┼──────────┼──────────┼──────────┤
│ y := y * 0   │ w: I_53  │ x: ?_57  │ y:   0   │ z: ?_52  │
├──────────────┼──────────┼──────────┼──────────┼──────────┤
│ y := y + 25  │ w: I_53  │ x: ?_57  │ y:  25   │ z: ?_52  │
├──────────────┼──────────┼──────────┼──────────┼──────────┤
│ y := y * x   │ w: I_53  │ x: ?_57  │ y: ?_58  │ z: ?_52  │
├──────────────┼──────────┼──────────┼──────────┼──────────┤
│ y := y + 1   │ w: I_53  │ x: ?_57  │ y: ?_59  │ z: ?_52  │
├──────────────┼──────────┼──────────┼──────────┼──────────┤
│ z := z * y   │ w: I_53  │ x: ?_57  │ y: ?_59  │ z: ?_60  │
├──────────────┼──────────┼──────────┼──────────┼──────────┤
│ y := y * 0   │ w: I_53  │ x: ?_57  │ y:   0   │ z: ?_60  │
├──────────────┼──────────┼──────────┼──────────┼──────────┤
│ y := y + w   │ w: I_53  │ x: ?_57  │ y: I_53  │ z: ?_60  │
├──────────────┼──────────┼──────────┼──────────┼──────────┤
│ y := y + 7   │ w: I_53  │ x: ?_57  │ y: ?_61  │ z: ?_60  │
├──────────────┼──────────┼──────────┼──────────┼──────────┤
│ y := y * x   │ w: I_53  │ x: ?_57  │ y: ?_62  │ z: ?_60  │
├──────────────┼──────────┼──────────┼──────────┼──────────┤
│ z := z + y   │ w: I_53  │ x: ?_57  │ y: ?_62  │ z: ?_63  │
├──────────────┼──────────┼──────────┼──────────┼──────────┤
│ w := input() │ w: I_64  │ x: ?_57  │ y: ?_62  │ z: ?_63  │
├──────────────┼──────────┼──────────┼──────────┼──────────┤
│ x := x * 0   │ w: I_64  │ x:   0   │ y: ?_62  │ z: ?_63  │
├──────────────┼──────────┼──────────┼──────────┼──────────┤
│ x := x + z   │ w: I_64  │ x: ?_63  │ y: ?_62  │ z: ?_63  │
├──────────────┼──────────┼──────────┼──────────┼──────────┤
│ x := x % 26  │ w: I_64  │ x: ?_65  │ y: ?_62  │ z: ?_63  │
├──────────────┼──────────┼──────────┼──────────┼──────────┤
│ z := z / 26  │ w: I_64  │ x: ?_65  │ y: ?_62  │ z: ?_66  │
├──────────────┼──────────┼──────────┼──────────┼──────────┤
│ x := x + -4  │ w: I_64  │ x: ?_67  │ y: ?_62  │ z: ?_66  │
├──────────────┼──────────┼──────────┼──────────┼──────────┤
│ x := x = w   │ w: I_64  │ x: ?_68  │ y: ?_62  │ z: ?_66  │
├──────────────┼──────────┼──────────┼──────────┼──────────┤
│ x := x = 0   │ w: I_64  │ x: ?_69  │ y: ?_62  │ z: ?_66  │
├──────────────┼──────────┼──────────┼──────────┼──────────┤
│ y := y * 0   │ w: I_64  │ x: ?_69  │ y:   0   │ z: ?_66  │
├──────────────┼──────────┼──────────┼──────────┼──────────┤
│ y := y + 25  │ w: I_64  │ x: ?_69  │ y:  25   │ z: ?_66  │
├──────────────┼──────────┼──────────┼──────────┼──────────┤
│ y := y * x   │ w: I_64  │ x: ?_69  │ y: ?_70  │ z: ?_66  │
├──────────────┼──────────┼──────────┼──────────┼──────────┤
│ y := y + 1   │ w: I_64  │ x: ?_69  │ y: ?_71  │ z: ?_66  │
├──────────────┼──────────┼──────────┼──────────┼──────────┤
│ z := z * y   │ w: I_64  │ x: ?_69  │ y: ?_71  │ z: ?_72  │
├──────────────┼──────────┼──────────┼──────────┼──────────┤
│ y := y * 0   │ w: I_64  │ x: ?_69  │ y:   0   │ z: ?_72  │
├──────────────┼──────────┼──────────┼──────────┼──────────┤
│ y := y + w   │ w: I_64  │ x: ?_69  │ y: I_64  │ z: ?_72  │
├──────────────┼──────────┼──────────┼──────────┼──────────┤
│ y := y + 9   │ w: I_64  │ x: ?_69  │ y: ?_73  │ z: ?_72  │
├──────────────┼──────────┼──────────┼──────────┼──────────┤
│ y := y * x   │ w: I_64  │ x: ?_69  │ y: ?_74  │ z: ?_72  │
├──────────────┼──────────┼──────────┼──────────┼──────────┤
│ z := z + y   │ w: I_64  │ x: ?_69  │ y: ?_74  │ z: ?_75  │
├──────────────┼──────────┼──────────┼──────────┼──────────┤
│ w := input() │ w: I_76  │ x: ?_69  │ y: ?_74  │ z: ?_75  │
├──────────────┼──────────┼──────────┼──────────┼──────────┤
│ x := x * 0   │ w: I_76  │ x:   0   │ y: ?_74  │ z: ?_75  │
├──────────────┼──────────┼──────────┼──────────┼──────────┤
│ x := x + z   │ w: I_76  │ x: ?_75  │ y: ?_74  │ z: ?_75  │
├──────────────┼──────────┼──────────┼──────────┼──────────┤
│ x := x % 26  │ w: I_76  │ x: ?_77  │ y: ?_74  │ z: ?_75  │
├──────────────┼──────────┼──────────┼──────────┼──────────┤
│ z := z / 26  │ w: I_76  │ x: ?_77  │ y: ?_74  │ z: ?_78  │
├──────────────┼──────────┼──────────┼──────────┼──────────┤
│ x := x + -12 │ w: I_76  │ x: ?_79  │ y: ?_74  │ z: ?_78  │
├──────────────┼──────────┼──────────┼──────────┼──────────┤
│ x := x = w   │ w: I_76  │ x: ?_80  │ y: ?_74  │ z: ?_78  │
├──────────────┼──────────┼──────────┼──────────┼──────────┤
│ x := x = 0   │ w: I_76  │ x: ?_81  │ y: ?_74  │ z: ?_78  │
├──────────────┼──────────┼──────────┼──────────┼──────────┤
│ y := y * 0   │ w: I_76  │ x: ?_81  │ y:   0   │ z: ?_78  │
├──────────────┼──────────┼──────────┼──────────┼──────────┤
│ y := y + 25  │ w: I_76  │ x: ?_81  │ y:  25   │ z: ?_78  │
├──────────────┼──────────┼──────────┼──────────┼──────────┤
│ y := y * x   │ w: I_76  │ x: ?_81  │ y: ?_82  │ z: ?_78  │
├──────────────┼──────────┼──────────┼──────────┼──────────┤
│ y := y + 1   │ w: I_76  │ x: ?_81  │ y: ?_83  │ z: ?_78  │
├──────────────┼──────────┼──────────┼──────────┼──────────┤
│ z := z * y   │ w: I_76  │ x: ?_81  │ y: ?_83  │ z: ?_84  │
├──────────────┼──────────┼──────────┼──────────┼──────────┤
│ y := y * 0   │ w: I_76  │ x: ?_81  │ y:   0   │ z: ?_84  │
├──────────────┼──────────┼──────────┼──────────┼──────────┤
│ y := y + w   │ w: I_76  │ x: ?_81  │ y: I_76  │ z: ?_84  │
├──────────────┼──────────┼──────────┼──────────┼──────────┤
│ y := y + 9   │ w: I_76  │ x: ?_81  │ y: ?_85  │ z: ?_84  │
├──────────────┼──────────┼──────────┼──────────┼──────────┤
│ y := y * x   │ w: I_76  │ x: ?_81  │ y: ?_86  │ z: ?_84  │
├──────────────┼──────────┼──────────┼──────────┼──────────┤
│ z := z + y   │ w: I_76  │ x: ?_81  │ y: ?_86  │ z: ?_87  │
├──────────────┼──────────┼──────────┼──────────┼──────────┤
│ w := input() │ w: I_88  │ x: ?_81  │ y: ?_86  │ z: ?_87  │
├──────────────┼──────────┼──────────┼──────────┼──────────┤
│ x := x * 0   │ w: I_88  │ x:   0   │ y: ?_86  │ z: ?_87  │
├──────────────┼──────────┼──────────┼──────────┼──────────┤
│ x := x + z   │ w: I_88  │ x: ?_87  │ y: ?_86  │ z: ?_87  │
├──────────────┼──────────┼──────────┼──────────┼──────────┤
│ x := x % 26  │ w: I_88  │ x: ?_89  │ y: ?_86  │ z: ?_87  │
├──────────────┼──────────┼──────────┼──────────┼──────────┤
│ z := z / 1   │ w: I_88  │ x: ?_89  │ y: ?_86  │ z: ?_87  │
├──────────────┼──────────┼──────────┼──────────┼──────────┤
│ x := x + 10  │ w: I_88  │ x: ?_90  │ y: ?_86  │ z: ?_87  │
├──────────────┼──────────┼──────────┼──────────┼──────────┤
│ x := x = w   │ w: I_88  │ x: ?_91  │ y: ?_86  │ z: ?_87  │
├──────────────┼──────────┼──────────┼──────────┼──────────┤
│ x := x = 0   │ w: I_88  │ x: ?_92  │ y: ?_86  │ z: ?_87  │
├──────────────┼──────────┼──────────┼──────────┼──────────┤
│ y := y * 0   │ w: I_88  │ x: ?_92  │ y:   0   │ z: ?_87  │
├──────────────┼──────────┼──────────┼──────────┼──────────┤
│ y := y + 25  │ w: I_88  │ x: ?_92  │ y:  25   │ z: ?_87  │
├──────────────┼──────────┼──────────┼──────────┼──────────┤
│ y := y * x   │ w: I_88  │ x: ?_92  │ y: ?_93  │ z: ?_87  │
├──────────────┼──────────┼──────────┼──────────┼──────────┤
│ y := y + 1   │ w: I_88  │ x: ?_92  │ y: ?_94  │ z: ?_87  │
├──────────────┼──────────┼──────────┼──────────┼──────────┤
│ z := z * y   │ w: I_88  │ x: ?_92  │ y: ?_94  │ z: ?_95  │
├──────────────┼──────────┼──────────┼──────────┼──────────┤
│ y := y * 0   │ w: I_88  │ x: ?_92  │ y:   0   │ z: ?_95  │
├──────────────┼──────────┼──────────┼──────────┼──────────┤
│ y := y + w   │ w: I_88  │ x: ?_92  │ y: I_88  │ z: ?_95  │
├──────────────┼──────────┼──────────┼──────────┼──────────┤
│ y := y + 6   │ w: I_88  │ x: ?_92  │ y: ?_96  │ z: ?_95  │
├──────────────┼──────────┼──────────┼──────────┼──────────┤
│ y := y * x   │ w: I_88  │ x: ?_92  │ y: ?_97  │ z: ?_95  │
├──────────────┼──────────┼──────────┼──────────┼──────────┤
│ z := z + y   │ w: I_88  │ x: ?_92  │ y: ?_97  │ z: ?_98  │
├──────────────┼──────────┼──────────┼──────────┼──────────┤
│ w := input() │ w: I_99  │ x: ?_92  │ y: ?_97  │ z: ?_98  │
├──────────────┼──────────┼──────────┼──────────┼──────────┤
│ x := x * 0   │ w: I_99  │ x:   0   │ y: ?_97  │ z: ?_98  │
├──────────────┼──────────┼──────────┼──────────┼──────────┤
│ x := x + z   │ w: I_99  │ x: ?_98  │ y: ?_97  │ z: ?_98  │
├──────────────┼──────────┼──────────┼──────────┼──────────┤
│ x := x % 26  │ w: I_99  │ x: ?_100 │ y: ?_97  │ z: ?_98  │
├──────────────┼──────────┼──────────┼──────────┼──────────┤
│ z := z / 26  │ w: I_99  │ x: ?_100 │ y: ?_97  │ z: ?_101 │
├──────────────┼──────────┼──────────┼──────────┼──────────┤
│ x := x + -11 │ w: I_99  │ x: ?_102 │ y: ?_97  │ z: ?_101 │
├──────────────┼──────────┼──────────┼──────────┼──────────┤
│ x := x = w   │ w: I_99  │ x: ?_103 │ y: ?_97  │ z: ?_101 │
├──────────────┼──────────┼──────────┼──────────┼──────────┤
│ x := x = 0   │ w: I_99  │ x: ?_104 │ y: ?_97  │ z: ?_101 │
├──────────────┼──────────┼──────────┼──────────┼──────────┤
│ y := y * 0   │ w: I_99  │ x: ?_104 │ y:   0   │ z: ?_101 │
├──────────────┼──────────┼──────────┼──────────┼──────────┤
│ y := y + 25  │ w: I_99  │ x: ?_104 │ y:  25   │ z: ?_101 │
├──────────────┼──────────┼──────────┼──────────┼──────────┤
│ y := y * x   │ w: I_99  │ x: ?_104 │ y: ?_105 │ z: ?_101 │
├──────────────┼──────────┼──────────┼──────────┼──────────┤
│ y := y + 1   │ w: I_99  │ x: ?_104 │ y: ?_106 │ z: ?_101 │
├──────────────┼──────────┼──────────┼──────────┼──────────┤
│ z := z * y   │ w: I_99  │ x: ?_104 │ y: ?_106 │ z: ?_107 │
├──────────────┼──────────┼──────────┼──────────┼──────────┤
│ y := y * 0   │ w: I_99  │ x: ?_104 │ y:   0   │ z: ?_107 │
├──────────────┼──────────┼──────────┼──────────┼──────────┤
│ y := y + w   │ w: I_99  │ x: ?_104 │ y: I_99  │ z: ?_107 │
├──────────────┼──────────┼──────────┼──────────┼──────────┤
│ y := y + 4   │ w: I_99  │ x: ?_104 │ y: ?_108 │ z: ?_107 │
├──────────────┼──────────┼──────────┼──────────┼──────────┤
│ y := y * x   │ w: I_99  │ x: ?_104 │ y: ?_109 │ z: ?_107 │
├──────────────┼──────────┼──────────┼──────────┼──────────┤
│ z := z + y   │ w: I_99  │ x: ?_104 │ y: ?_109 │ z: ?_110 │
├──────────────┼──────────┼──────────┼──────────┼──────────┤
│ w := input() │ w: I_111 │ x: ?_104 │ y: ?_109 │ z: ?_110 │
├──────────────┼──────────┼──────────┼──────────┼──────────┤
│ x := x * 0   │ w: I_111 │ x:   0   │ y: ?_109 │ z: ?_110 │
├──────────────┼──────────┼──────────┼──────────┼──────────┤
│ x := x + z   │ w: I_111 │ x: ?_110 │ y: ?_109 │ z: ?_110 │
├──────────────┼──────────┼──────────┼──────────┼──────────┤
│ x := x % 26  │ w: I_111 │ x: ?_112 │ y: ?_109 │ z: ?_110 │
├──────────────┼──────────┼──────────┼──────────┼──────────┤
│ z := z / 1   │ w: I_111 │ x: ?_112 │ y: ?_109 │ z: ?_110 │
├──────────────┼──────────┼──────────┼──────────┼──────────┤
│ x := x + 12  │ w: I_111 │ x: ?_113 │ y: ?_109 │ z: ?_110 │
├──────────────┼──────────┼──────────┼──────────┼──────────┤
│ x := x = w   │ w: I_111 │ x: ?_114 │ y: ?_109 │ z: ?_110 │
├──────────────┼──────────┼──────────┼──────────┼──────────┤
│ x := x = 0   │ w: I_111 │ x: ?_115 │ y: ?_109 │ z: ?_110 │
├──────────────┼──────────┼──────────┼──────────┼──────────┤
│ y := y * 0   │ w: I_111 │ x: ?_115 │ y:   0   │ z: ?_110 │
├──────────────┼──────────┼──────────┼──────────┼──────────┤
│ y := y + 25  │ w: I_111 │ x: ?_115 │ y:  25   │ z: ?_110 │
├──────────────┼──────────┼──────────┼──────────┼──────────┤
│ y := y * x   │ w: I_111 │ x: ?_115 │ y: ?_116 │ z: ?_110 │
├──────────────┼──────────┼──────────┼──────────┼──────────┤
│ y := y + 1   │ w: I_111 │ x: ?_115 │ y: ?_117 │ z: ?_110 │
├──────────────┼──────────┼──────────┼──────────┼──────────┤
│ z := z * y   │ w: I_111 │ x: ?_115 │ y: ?_117 │ z: ?_118 │
├──────────────┼──────────┼──────────┼──────────┼──────────┤
│ y := y * 0   │ w: I_111 │ x: ?_115 │ y:   0   │ z: ?_118 │
├──────────────┼──────────┼──────────┼──────────┼──────────┤
│ y := y + w   │ w: I_111 │ x: ?_115 │ y: I_111 │ z: ?_118 │
├──────────────┼──────────┼──────────┼──────────┼──────────┤
│ y := y + 0   │ w: I_111 │ x: ?_115 │ y: I_111 │ z: ?_118 │
├──────────────┼──────────┼──────────┼──────────┼──────────┤
│ y := y * x   │ w: I_111 │ x: ?_115 │ y: ?_119 │ z: ?_118 │
├──────────────┼──────────┼──────────┼──────────┼──────────┤
│ z := z + y   │ w: I_111 │ x: ?_115 │ y: ?_119 │ z: ?_120 │
├──────────────┼──────────┼──────────┼──────────┼──────────┤
│ w := input() │ w: I_121 │ x: ?_115 │ y: ?_119 │ z: ?_120 │
├──────────────┼──────────┼──────────┼──────────┼──────────┤
│ x := x * 0   │ w: I_121 │ x:   0   │ y: ?_119 │ z: ?_120 │
├──────────────┼──────────┼──────────┼──────────┼──────────┤
│ x := x + z   │ w: I_121 │ x: ?_120 │ y: ?_119 │ z: ?_120 │
├──────────────┼──────────┼──────────┼──────────┼──────────┤
│ x := x % 26  │ w: I_121 │ x: ?_122 │ y: ?_119 │ z: ?_120 │
├──────────────┼──────────┼──────────┼──────────┼──────────┤
│ z := z / 26  │ w: I_121 │ x: ?_122 │ y: ?_119 │ z: ?_123 │
├──────────────┼──────────┼──────────┼──────────┼──────────┤
│ x := x + -1  │ w: I_121 │ x: ?_124 │ y: ?_119 │ z: ?_123 │
├──────────────┼──────────┼──────────┼──────────┼──────────┤
│ x := x = w   │ w: I_121 │ x: ?_125 │ y: ?_119 │ z: ?_123 │
├──────────────┼──────────┼──────────┼──────────┼──────────┤
│ x := x = 0   │ w: I_121 │ x: ?_126 │ y: ?_119 │ z: ?_123 │
├──────────────┼──────────┼──────────┼──────────┼──────────┤
│ y := y * 0   │ w: I_121 │ x: ?_126 │ y:   0   │ z: ?_123 │
├──────────────┼──────────┼──────────┼──────────┼──────────┤
│ y := y + 25  │ w: I_121 │ x: ?_126 │ y:  25   │ z: ?_123 │
├──────────────┼──────────┼──────────┼──────────┼──────────┤
│ y := y * x   │ w: I_121 │ x: ?_126 │ y: ?_127 │ z: ?_123 │
├──────────────┼──────────┼──────────┼──────────┼──────────┤
│ y := y + 1   │ w: I_121 │ x: ?_126 │ y: ?_128 │ z: ?_123 │
├──────────────┼──────────┼──────────┼──────────┼──────────┤
│ z := z * y   │ w: I_121 │ x: ?_126 │ y: ?_128 │ z: ?_129 │
├──────────────┼──────────┼──────────┼──────────┼──────────┤
│ y := y * 0   │ w: I_121 │ x: ?_126 │ y:   0   │ z: ?_129 │
├──────────────┼──────────┼──────────┼──────────┼──────────┤
│ y := y + w   │ w: I_121 │ x: ?_126 │ y: I_121 │ z: ?_129 │
├──────────────┼──────────┼──────────┼──────────┼──────────┤
│ y := y + 7   │ w: I_121 │ x: ?_126 │ y: ?_130 │ z: ?_129 │
├──────────────┼──────────┼──────────┼──────────┼──────────┤
│ y := y * x   │ w: I_121 │ x: ?_126 │ y: ?_131 │ z: ?_129 │
├──────────────┼──────────┼──────────┼──────────┼──────────┤
│ z := z + y   │ w: I_121 │ x: ?_126 │ y: ?_131 │ z: ?_132 │
├──────────────┼──────────┼──────────┼──────────┼──────────┤
│ w := input() │ w: I_133 │ x: ?_126 │ y: ?_131 │ z: ?_132 │
├──────────────┼──────────┼──────────┼──────────┼──────────┤
│ x := x * 0   │ w: I_133 │ x:   0   │ y: ?_131 │ z: ?_132 │
├──────────────┼──────────┼──────────┼──────────┼──────────┤
│ x := x + z   │ w: I_133 │ x: ?_132 │ y: ?_131 │ z: ?_132 │
├──────────────┼──────────┼──────────┼──────────┼──────────┤
│ x := x % 26  │ w: I_133 │ x: ?_134 │ y: ?_131 │ z: ?_132 │
├──────────────┼──────────┼──────────┼──────────┼──────────┤
│ z := z / 26  │ w: I_133 │ x: ?_134 │ y: ?_131 │ z: ?_135 │
├──────────────┼──────────┼──────────┼──────────┼──────────┤
│ x := x + 0   │ w: I_133 │ x: ?_134 │ y: ?_131 │ z: ?_135 │
├──────────────┼──────────┼──────────┼──────────┼──────────┤
│ x := x = w   │ w: I_133 │ x: ?_136 │ y: ?_131 │ z: ?_135 │
├──────────────┼──────────┼──────────┼──────────┼──────────┤
│ x := x = 0   │ w: I_133 │ x: ?_137 │ y: ?_131 │ z: ?_135 │
├──────────────┼──────────┼──────────┼──────────┼──────────┤
│ y := y * 0   │ w: I_133 │ x: ?_137 │ y:   0   │ z: ?_135 │
├──────────────┼──────────┼──────────┼──────────┼──────────┤
│ y := y + 25  │ w: I_133 │ x: ?_137 │ y:  25   │ z: ?_135 │
├──────────────┼──────────┼──────────┼──────────┼──────────┤
│ y := y * x   │ w: I_133 │ x: ?_137 │ y: ?_138 │ z: ?_135 │
├──────────────┼──────────┼──────────┼──────────┼──────────┤
│ y := y + 1   │ w: I_133 │ x: ?_137 │ y: ?_139 │ z: ?_135 │
├──────────────┼──────────┼──────────┼──────────┼──────────┤
│ z := z * y   │ w: I_133 │ x: ?_137 │ y: ?_139 │ z: ?_140 │
├──────────────┼──────────┼──────────┼──────────┼──────────┤
│ y := y * 0   │ w: I_133 │ x: ?_137 │ y:   0   │ z: ?_140 │
├──────────────┼──────────┼──────────┼──────────┼──────────┤
│ y := y + w   │ w: I_133 │ x: ?_137 │ y: I_133 │ z: ?_140 │
├──────────────┼──────────┼──────────┼──────────┼──────────┤
│ y := y + 12  │ w: I_133 │ x: ?_137 │ y: ?_141 │ z: ?_140 │
├──────────────┼──────────┼──────────┼──────────┼──────────┤
│ y := y * x   │ w: I_133 │ x: ?_137 │ y: ?_142 │ z: ?_140 │
├──────────────┼──────────┼──────────┼──────────┼──────────┤
│ z := z + y   │ w: I_133 │ x: ?_137 │ y: ?_142 │ z: ?_143 │
├──────────────┼──────────┼──────────┼──────────┼──────────┤
│ w := input() │ w: I_144 │ x: ?_137 │ y: ?_142 │ z: ?_143 │
├──────────────┼──────────┼──────────┼──────────┼──────────┤
│ x := x * 0   │ w: I_144 │ x:   0   │ y: ?_142 │ z: ?_143 │
├──────────────┼──────────┼──────────┼──────────┼──────────┤
│ x := x + z   │ w: I_144 │ x: ?_143 │ y: ?_142 │ z: ?_143 │
├──────────────┼──────────┼──────────┼──────────┼──────────┤
│ x := x % 26  │ w: I_144 │ x: ?_145 │ y: ?_142 │ z: ?_143 │
├──────────────┼──────────┼──────────┼──────────┼──────────┤
│ z := z / 26  │ w: I_144 │ x: ?_145 │ y: ?_142 │ z: ?_146 │
├──────────────┼──────────┼──────────┼──────────┼──────────┤
│ x := x + -11 │ w: I_144 │ x: ?_147 │ y: ?_142 │ z: ?_146 │
├──────────────┼──────────┼──────────┼──────────┼──────────┤
│ x := x = w   │ w: I_144 │ x: ?_148 │ y: ?_142 │ z: ?_146 │
├──────────────┼──────────┼──────────┼──────────┼──────────┤
│ x := x = 0   │ w: I_144 │ x: ?_149 │ y: ?_142 │ z: ?_146 │
├──────────────┼──────────┼──────────┼──────────┼──────────┤
│ y := y * 0   │ w: I_144 │ x: ?_149 │ y:   0   │ z: ?_146 │
├──────────────┼──────────┼──────────┼──────────┼──────────┤
│ y := y + 25  │ w: I_144 │ x: ?_149 │ y:  25   │ z: ?_146 │
├──────────────┼──────────┼──────────┼──────────┼──────────┤
│ y := y * x   │ w: I_144 │ x: ?_149 │ y: ?_150 │ z: ?_146 │
├──────────────┼──────────┼──────────┼──────────┼──────────┤
│ y := y + 1   │ w: I_144 │ x: ?_149 │ y: ?_151 │ z: ?_146 │
├──────────────┼──────────┼──────────┼──────────┼──────────┤
│ z := z * y   │ w: I_144 │ x: ?_149 │ y: ?_151 │ z: ?_152 │
├──────────────┼──────────┼──────────┼──────────┼──────────┤
│ y := y * 0   │ w: I_144 │ x: ?_149 │ y:   0   │ z: ?_152 │
├──────────────┼──────────┼──────────┼──────────┼──────────┤
│ y := y + w   │ w: I_144 │ x: ?_149 │ y: I_144 │ z: ?_152 │
├──────────────┼──────────┼──────────┼──────────┼──────────┤
│ y := y + 1   │ w: I_144 │ x: ?_149 │ y: ?_153 │ z: ?_152 │
├──────────────┼──────────┼──────────┼──────────┼──────────┤
│ y := y * x   │ w: I_144 │ x: ?_149 │ y: ?_154 │ z: ?_152 │
├──────────────┼──────────┼──────────┼──────────┼──────────┤
│ z := z + y   │ w: I_144 │ x: ?_149 │ y: ?_154 │ z: ?_155 │
╘══════════════╧══════════╧══════════╧══════════╧══════════╛

