01.txt
╒══════════════╤════════╤════════╤════════╤════════╕
│ x := input() │ w:   0 │ x: I_1 │ y:   0 │ z:   0 │
├──────────────┼────────┼────────┼────────┼────────┤
│ y := input() │ w:   0 │ x: I_1 │ y: I_2 │ z:   0 │
├──────────────┼────────┼────────┼────────┼────────┤
│ x := x * 3   │ w:   0 │ x: ?_1 │ y: I_2 │ z:   0 │
├──────────────┼────────┼────────┼────────┼────────┤
│ x := x = y   │ w:   0 │ x: ?_2 │ y: I_2 │ z:   0 │
╘══════════════╧════════╧════════╧════════╧════════╛

02.txt
╒══════════════╤════════╤════════╤════════╤════════╕
│ w := input() │ w: I_1 │ x:   0 │ y:   0 │ z:   0 │
├──────────────┼────────┼────────┼────────┼────────┤
│ x := x + w   │ w: I_1 │ x: I_1 │ y:   0 │ z:   0 │
├──────────────┼────────┼────────┼────────┼────────┤
│ w := w = x   │ w:   1 │ x: I_1 │ y:   0 │ z:   0 │
╘══════════════╧════════╧════════╧════════╧════════╛

03.txt
╒══════════════╤════════╤════════╤════════╤════════╕
│ w := input() │ w: I_1 │ x:   0 │ y:   0 │ z:   0 │
├──────────────┼────────┼────────┼────────┼────────┤
│ x := input() │ w: I_1 │ x: I_2 │ y:   0 │ z:   0 │
├──────────────┼────────┼────────┼────────┼────────┤
│ w := w = x   │ w: ?_1 │ x: I_2 │ y:   0 │ z:   0 │
├──────────────┼────────┼────────┼────────┼────────┤
│ w := w = 2   │ w: ?_2 │ x: I_2 │ y:   0 │ z:   0 │
╘══════════════╧════════╧════════╧════════╧════════╛

04.txt
╒══════════════╤════════╤════════╤════════╤════════╕
│ w := input() │ w: I_1 │ x:   0 │ y:   0 │ z:   0 │
├──────────────┼────────┼────────┼────────┼────────┤
│ w := w + 3   │ w: ?_1 │ x:   0 │ y:   0 │ z:   0 │
├──────────────┼────────┼────────┼────────┼────────┤
│ x := x * 0   │ w: ?_1 │ x:   0 │ y:   0 │ z:   0 │
├──────────────┼────────┼────────┼────────┼────────┤
│ x := x + w   │ w: ?_1 │ x: ?_1 │ y:   0 │ z:   0 │
├──────────────┼────────┼────────┼────────┼────────┤
│ w := w = x   │ w:   1 │ x: ?_1 │ y:   0 │ z:   0 │
╘══════════════╧════════╧════════╧════════╧════════╛

05.txt
╒══════════════╤════════╤════════╤════════╤════════╕
│ w := input() │ w: I_1 │ x:   0 │ y:   0 │ z:   0 │
├──────────────┼────────┼────────┼────────┼────────┤
│ z := z + w   │ w: I_1 │ x:   0 │ y:   0 │ z: I_1 │
├──────────────┼────────┼────────┼────────┼────────┤
│ z := z % 2   │ w: I_1 │ x:   0 │ y:   0 │ z: ?_1 │
├──────────────┼────────┼────────┼────────┼────────┤
│ w := w / 2   │ w: ?_2 │ x:   0 │ y:   0 │ z: ?_1 │
├──────────────┼────────┼────────┼────────┼────────┤
│ y := y + w   │ w: ?_2 │ x:   0 │ y: ?_2 │ z: ?_1 │
├──────────────┼────────┼────────┼────────┼────────┤
│ y := y % 2   │ w: ?_2 │ x:   0 │ y: ?_3 │ z: ?_1 │
├──────────────┼────────┼────────┼────────┼────────┤
│ w := w / 2   │ w: ?_4 │ x:   0 │ y: ?_3 │ z: ?_1 │
├──────────────┼────────┼────────┼────────┼────────┤
│ x := x + w   │ w: ?_4 │ x: ?_4 │ y: ?_3 │ z: ?_1 │
├──────────────┼────────┼────────┼────────┼────────┤
│ x := x % 2   │ w: ?_4 │ x: ?_5 │ y: ?_3 │ z: ?_1 │
├──────────────┼────────┼────────┼────────┼────────┤
│ w := w / 2   │ w: ?_6 │ x: ?_5 │ y: ?_3 │ z: ?_1 │
├──────────────┼────────┼────────┼────────┼────────┤
│ w := w % 2   │ w: ?_7 │ x: ?_5 │ y: ?_3 │ z: ?_1 │
╘══════════════╧════════╧════════╧════════╧════════╛

aoc_2021.txt
╒══════════════╤═════════╤══════════╤══════════╤══════════╕
│ w := input() │ w: I_1  │ x:   0   │ y:   0   │ z:   0   │
├──────────────┼─────────┼──────────┼──────────┼──────────┤
│ x := x * 0   │ w: I_1  │ x:   0   │ y:   0   │ z:   0   │
├──────────────┼─────────┼──────────┼──────────┼──────────┤
│ x := x + z   │ w: I_1  │ x:   0   │ y:   0   │ z:   0   │
├──────────────┼─────────┼──────────┼──────────┼──────────┤
│ x := x % 26  │ w: I_1  │ x:   0   │ y:   0   │ z:   0   │
├──────────────┼─────────┼──────────┼──────────┼──────────┤
│ z := z / 1   │ w: I_1  │ x:   0   │ y:   0   │ z:   0   │
├──────────────┼─────────┼──────────┼──────────┼──────────┤
│ x := x + 11  │ w: I_1  │ x:  11   │ y:   0   │ z:   0   │
├──────────────┼─────────┼──────────┼──────────┼──────────┤
│ x := x = w   │ w: I_1  │ x: ?_1   │ y:   0   │ z:   0   │
├──────────────┼─────────┼──────────┼──────────┼──────────┤
│ x := x = 0   │ w: I_1  │ x: ?_2   │ y:   0   │ z:   0   │
├──────────────┼─────────┼──────────┼──────────┼──────────┤
│ y := y * 0   │ w: I_1  │ x: ?_2   │ y:   0   │ z:   0   │
├──────────────┼─────────┼──────────┼──────────┼──────────┤
│ y := y + 25  │ w: I_1  │ x: ?_2   │ y:  25   │ z:   0   │
├──────────────┼─────────┼──────────┼──────────┼──────────┤
│ y := y * x   │ w: I_1  │ x: ?_2   │ y: ?_3   │ z:   0   │
├──────────────┼─────────┼──────────┼──────────┼──────────┤
│ y := y + 1   │ w: I_1  │ x: ?_2   │ y: ?_4   │ z:   0   │
├──────────────┼─────────┼──────────┼──────────┼──────────┤
│ z := z * y   │ w: I_1  │ x: ?_2   │ y: ?_4   │ z:   0   │
├──────────────┼─────────┼──────────┼──────────┼──────────┤
│ y := y * 0   │ w: I_1  │ x: ?_2   │ y:   0   │ z:   0   │
├──────────────┼─────────┼──────────┼──────────┼──────────┤
│ y := y + w   │ w: I_1  │ x: ?_2   │ y: I_1   │ z:   0   │
├──────────────┼─────────┼──────────┼──────────┼──────────┤
│ y := y + 3   │ w: I_1  │ x: ?_2   │ y: ?_5   │ z:   0   │
├──────────────┼─────────┼──────────┼──────────┼──────────┤
│ y := y * x   │ w: I_1  │ x: ?_2   │ y: ?_6   │ z:   0   │
├──────────────┼─────────┼──────────┼──────────┼──────────┤
│ z := z + y   │ w: I_1  │ x: ?_2   │ y: ?_6   │ z: ?_6   │
├──────────────┼─────────┼──────────┼──────────┼──────────┤
│ w := input() │ w: I_2  │ x: ?_2   │ y: ?_6   │ z: ?_6   │
├──────────────┼─────────┼──────────┼──────────┼──────────┤
│ x := x * 0   │ w: I_2  │ x:   0   │ y: ?_6   │ z: ?_6   │
├──────────────┼─────────┼──────────┼──────────┼──────────┤
│ x := x + z   │ w: I_2  │ x: ?_6   │ y: ?_6   │ z: ?_6   │
├──────────────┼─────────┼──────────┼──────────┼──────────┤
│ x := x % 26  │ w: I_2  │ x: ?_7   │ y: ?_6   │ z: ?_6   │
├──────────────┼─────────┼──────────┼──────────┼──────────┤
│ z := z / 1   │ w: I_2  │ x: ?_7   │ y: ?_6   │ z: ?_6   │
├──────────────┼─────────┼──────────┼──────────┼──────────┤
│ x := x + 14  │ w: I_2  │ x: ?_8   │ y: ?_6   │ z: ?_6   │
├──────────────┼─────────┼──────────┼──────────┼──────────┤
│ x := x = w   │ w: I_2  │ x: ?_9   │ y: ?_6   │ z: ?_6   │
├──────────────┼─────────┼──────────┼──────────┼──────────┤
│ x := x = 0   │ w: I_2  │ x: ?_10  │ y: ?_6   │ z: ?_6   │
├──────────────┼─────────┼──────────┼──────────┼──────────┤
│ y := y * 0   │ w: I_2  │ x: ?_10  │ y:   0   │ z: ?_6   │
├──────────────┼─────────┼──────────┼──────────┼──────────┤
│ y := y + 25  │ w: I_2  │ x: ?_10  │ y:  25   │ z: ?_6   │
├──────────────┼─────────┼──────────┼──────────┼──────────┤
│ y := y * x   │ w: I_2  │ x: ?_10  │ y: ?_11  │ z: ?_6   │
├──────────────┼─────────┼──────────┼──────────┼──────────┤
│ y := y + 1   │ w: I_2  │ x: ?_10  │ y: ?_12  │ z: ?_6   │
├──────────────┼─────────┼──────────┼──────────┼──────────┤
│ z := z * y   │ w: I_2  │ x: ?_10  │ y: ?_12  │ z: ?_13  │
├──────────────┼─────────┼──────────┼──────────┼──────────┤
│ y := y * 0   │ w: I_2  │ x: ?_10  │ y:   0   │ z: ?_13  │
├──────────────┼─────────┼──────────┼──────────┼──────────┤
│ y := y + w   │ w: I_2  │ x: ?_10  │ y: I_2   │ z: ?_13  │
├──────────────┼─────────┼──────────┼──────────┼──────────┤
│ y := y + 7   │ w: I_2  │ x: ?_10  │ y: ?_14  │ z: ?_13  │
├──────────────┼─────────┼──────────┼──────────┼──────────┤
│ y := y * x   │ w: I_2  │ x: ?_10  │ y: ?_15  │ z: ?_13  │
├──────────────┼─────────┼──────────┼──────────┼──────────┤
│ z := z + y   │ w: I_2  │ x: ?_10  │ y: ?_15  │ z: ?_16  │
├──────────────┼─────────┼──────────┼──────────┼──────────┤
│ w := input() │ w: I_3  │ x: ?_10  │ y: ?_15  │ z: ?_16  │
├──────────────┼─────────┼──────────┼──────────┼──────────┤
│ x := x * 0   │ w: I_3  │ x:   0   │ y: ?_15  │ z: ?_16  │
├──────────────┼─────────┼──────────┼──────────┼──────────┤
│ x := x + z   │ w: I_3  │ x: ?_16  │ y: ?_15  │ z: ?_16  │
├──────────────┼─────────┼──────────┼──────────┼──────────┤
│ x := x % 26  │ w: I_3  │ x: ?_17  │ y: ?_15  │ z: ?_16  │
├──────────────┼─────────┼──────────┼──────────┼──────────┤
│ z := z / 1   │ w: I_3  │ x: ?_17  │ y: ?_15  │ z: ?_16  │
├──────────────┼─────────┼──────────┼──────────┼──────────┤
│ x := x + 13  │ w: I_3  │ x: ?_18  │ y: ?_15  │ z: ?_16  │
├──────────────┼─────────┼──────────┼──────────┼──────────┤
│ x := x = w   │ w: I_3  │ x: ?_19  │ y: ?_15  │ z: ?_16  │
├──────────────┼─────────┼──────────┼──────────┼──────────┤
│ x := x = 0   │ w: I_3  │ x: ?_20  │ y: ?_15  │ z: ?_16  │
├──────────────┼─────────┼──────────┼──────────┼──────────┤
│ y := y * 0   │ w: I_3  │ x: ?_20  │ y:   0   │ z: ?_16  │
├──────────────┼─────────┼──────────┼──────────┼──────────┤
│ y := y + 25  │ w: I_3  │ x: ?_20  │ y:  25   │ z: ?_16  │
├──────────────┼─────────┼──────────┼──────────┼──────────┤
│ y := y * x   │ w: I_3  │ x: ?_20  │ y: ?_21  │ z: ?_16  │
├──────────────┼─────────┼──────────┼──────────┼──────────┤
│ y := y + 1   │ w: I_3  │ x: ?_20  │ y: ?_22  │ z: ?_16  │
├──────────────┼─────────┼──────────┼──────────┼──────────┤
│ z := z * y   │ w: I_3  │ x: ?_20  │ y: ?_22  │ z: ?_23  │
├──────────────┼─────────┼──────────┼──────────┼──────────┤
│ y := y * 0   │ w: I_3  │ x: ?_20  │ y:   0   │ z: ?_23  │
├──────────────┼─────────┼──────────┼──────────┼──────────┤
│ y := y + w   │ w: I_3  │ x: ?_20  │ y: I_3   │ z: ?_23  │
├──────────────┼─────────┼──────────┼──────────┼──────────┤
│ y := y + 1   │ w: I_3  │ x: ?_20  │ y: ?_24  │ z: ?_23  │
├──────────────┼─────────┼──────────┼──────────┼──────────┤
│ y := y * x   │ w: I_3  │ x: ?_20  │ y: ?_25  │ z: ?_23  │
├──────────────┼─────────┼──────────┼──────────┼──────────┤
│ z := z + y   │ w: I_3  │ x: ?_20  │ y: ?_25  │ z: ?_26  │
├──────────────┼─────────┼──────────┼──────────┼──────────┤
│ w := input() │ w: I_4  │ x: ?_20  │ y: ?_25  │ z: ?_26  │
├──────────────┼─────────┼──────────┼──────────┼──────────┤
│ x := x * 0   │ w: I_4  │ x:   0   │ y: ?_25  │ z: ?_26  │
├──────────────┼─────────┼──────────┼──────────┼──────────┤
│ x := x + z   │ w: I_4  │ x: ?_26  │ y: ?_25  │ z: ?_26  │
├──────────────┼─────────┼──────────┼──────────┼──────────┤
│ x := x % 26  │ w: I_4  │ x: ?_27  │ y: ?_25  │ z: ?_26  │
├──────────────┼─────────┼──────────┼──────────┼──────────┤
│ z := z / 26  │ w: I_4  │ x: ?_27  │ y: ?_25  │ z: ?_28  │
├──────────────┼─────────┼──────────┼──────────┼──────────┤
│ x := x + -4  │ w: I_4  │ x: ?_29  │ y: ?_25  │ z: ?_28  │
├──────────────┼─────────┼──────────┼──────────┼──────────┤
│ x := x = w   │ w: I_4  │ x: ?_30  │ y: ?_25  │ z: ?_28  │
├──────────────┼─────────┼──────────┼──────────┼──────────┤
│ x := x = 0   │ w: I_4  │ x: ?_31  │ y: ?_25  │ z: ?_28  │
├──────────────┼─────────┼──────────┼──────────┼──────────┤
│ y := y * 0   │ w: I_4  │ x: ?_31  │ y:   0   │ z: ?_28  │
├──────────────┼─────────┼──────────┼──────────┼──────────┤
│ y := y + 25  │ w: I_4  │ x: ?_31  │ y:  25   │ z: ?_28  │
├──────────────┼─────────┼──────────┼──────────┼──────────┤
│ y := y * x   │ w: I_4  │ x: ?_31  │ y: ?_32  │ z: ?_28  │
├──────────────┼─────────┼──────────┼──────────┼──────────┤
│ y := y + 1   │ w: I_4  │ x: ?_31  │ y: ?_33  │ z: ?_28  │
├──────────────┼─────────┼──────────┼──────────┼──────────┤
│ z := z * y   │ w: I_4  │ x: ?_31  │ y: ?_33  │ z: ?_34  │
├──────────────┼─────────┼──────────┼──────────┼──────────┤
│ y := y * 0   │ w: I_4  │ x: ?_31  │ y:   0   │ z: ?_34  │
├──────────────┼─────────┼──────────┼──────────┼──────────┤
│ y := y + w   │ w: I_4  │ x: ?_31  │ y: I_4   │ z: ?_34  │
├──────────────┼─────────┼──────────┼──────────┼──────────┤
│ y := y + 6   │ w: I_4  │ x: ?_31  │ y: ?_35  │ z: ?_34  │
├──────────────┼─────────┼──────────┼──────────┼──────────┤
│ y := y * x   │ w: I_4  │ x: ?_31  │ y: ?_36  │ z: ?_34  │
├──────────────┼─────────┼──────────┼──────────┼──────────┤
│ z := z + y   │ w: I_4  │ x: ?_31  │ y: ?_36  │ z: ?_37  │
├──────────────┼─────────┼──────────┼──────────┼──────────┤
│ w := input() │ w: I_5  │ x: ?_31  │ y: ?_36  │ z: ?_37  │
├──────────────┼─────────┼──────────┼──────────┼──────────┤
│ x := x * 0   │ w: I_5  │ x:   0   │ y: ?_36  │ z: ?_37  │
├──────────────┼─────────┼──────────┼──────────┼──────────┤
│ x := x + z   │ w: I_5  │ x: ?_37  │ y: ?_36  │ z: ?_37  │
├──────────────┼─────────┼──────────┼──────────┼──────────┤
│ x := x % 26  │ w: I_5  │ x: ?_38  │ y: ?_36  │ z: ?_37  │
├──────────────┼─────────┼──────────┼──────────┼──────────┤
│ z := z / 1   │ w: I_5  │ x: ?_38  │ y: ?_36  │ z: ?_37  │
├──────────────┼─────────┼──────────┼──────────┼──────────┤
│ x := x + 11  │ w: I_5  │ x: ?_39  │ y: ?_36  │ z: ?_37  │
├──────────────┼─────────┼──────────┼──────────┼──────────┤
│ x := x = w   │ w: I_5  │ x: ?_40  │ y: ?_36  │ z: ?_37  │
├──────────────┼─────────┼──────────┼──────────┼──────────┤
│ x := x = 0   │ w: I_5  │ x: ?_41  │ y: ?_36  │ z: ?_37  │
├──────────────┼─────────┼──────────┼──────────┼──────────┤
│ y := y * 0   │ w: I_5  │ x: ?_41  │ y:   0   │ z: ?_37  │
├──────────────┼─────────┼──────────┼──────────┼──────────┤
│ y := y + 25  │ w: I_5  │ x: ?_41  │ y:  25   │ z: ?_37  │
├──────────────┼─────────┼──────────┼──────────┼──────────┤
│ y := y * x   │ w: I_5  │ x: ?_41  │ y: ?_42  │ z: ?_37  │
├──────────────┼─────────┼──────────┼──────────┼──────────┤
│ y := y + 1   │ w: I_5  │ x: ?_41  │ y: ?_43  │ z: ?_37  │
├──────────────┼─────────┼──────────┼──────────┼──────────┤
│ z := z * y   │ w: I_5  │ x: ?_41  │ y: ?_43  │ z: ?_44  │
├──────────────┼─────────┼──────────┼──────────┼──────────┤
│ y := y * 0   │ w: I_5  │ x: ?_41  │ y:   0   │ z: ?_44  │
├──────────────┼─────────┼──────────┼──────────┼──────────┤
│ y := y + w   │ w: I_5  │ x: ?_41  │ y: I_5   │ z: ?_44  │
├──────────────┼─────────┼──────────┼──────────┼──────────┤
│ y := y + 14  │ w: I_5  │ x: ?_41  │ y: ?_45  │ z: ?_44  │
├──────────────┼─────────┼──────────┼──────────┼──────────┤
│ y := y * x   │ w: I_5  │ x: ?_41  │ y: ?_46  │ z: ?_44  │
├──────────────┼─────────┼──────────┼──────────┼──────────┤
│ z := z + y   │ w: I_5  │ x: ?_41  │ y: ?_46  │ z: ?_47  │
├──────────────┼─────────┼──────────┼──────────┼──────────┤
│ w := input() │ w: I_6  │ x: ?_41  │ y: ?_46  │ z: ?_47  │
├──────────────┼─────────┼──────────┼──────────┼──────────┤
│ x := x * 0   │ w: I_6  │ x:   0   │ y: ?_46  │ z: ?_47  │
├──────────────┼─────────┼──────────┼──────────┼──────────┤
│ x := x + z   │ w: I_6  │ x: ?_47  │ y: ?_46  │ z: ?_47  │
├──────────────┼─────────┼──────────┼──────────┼──────────┤
│ x := x % 26  │ w: I_6  │ x: ?_48  │ y: ?_46  │ z: ?_47  │
├──────────────┼─────────┼──────────┼──────────┼──────────┤
│ z := z / 1   │ w: I_6  │ x: ?_48  │ y: ?_46  │ z: ?_47  │
├──────────────┼─────────┼──────────┼──────────┼──────────┤
│ x := x + 10  │ w: I_6  │ x: ?_49  │ y: ?_46  │ z: ?_47  │
├──────────────┼─────────┼──────────┼──────────┼──────────┤
│ x := x = w   │ w: I_6  │ x: ?_50  │ y: ?_46  │ z: ?_47  │
├──────────────┼─────────┼──────────┼──────────┼──────────┤
│ x := x = 0   │ w: I_6  │ x: ?_51  │ y: ?_46  │ z: ?_47  │
├──────────────┼─────────┼──────────┼──────────┼──────────┤
│ y := y * 0   │ w: I_6  │ x: ?_51  │ y:   0   │ z: ?_47  │
├──────────────┼─────────┼──────────┼──────────┼──────────┤
│ y := y + 25  │ w: I_6  │ x: ?_51  │ y:  25   │ z: ?_47  │
├──────────────┼─────────┼──────────┼──────────┼──────────┤
│ y := y * x   │ w: I_6  │ x: ?_51  │ y: ?_52  │ z: ?_47  │
├──────────────┼─────────┼──────────┼──────────┼──────────┤
│ y := y + 1   │ w: I_6  │ x: ?_51  │ y: ?_53  │ z: ?_47  │
├──────────────┼─────────┼──────────┼──────────┼──────────┤
│ z := z * y   │ w: I_6  │ x: ?_51  │ y: ?_53  │ z: ?_54  │
├──────────────┼─────────┼──────────┼──────────┼──────────┤
│ y := y * 0   │ w: I_6  │ x: ?_51  │ y:   0   │ z: ?_54  │
├──────────────┼─────────┼──────────┼──────────┼──────────┤
│ y := y + w   │ w: I_6  │ x: ?_51  │ y: I_6   │ z: ?_54  │
├──────────────┼─────────┼──────────┼──────────┼──────────┤
│ y := y + 7   │ w: I_6  │ x: ?_51  │ y: ?_55  │ z: ?_54  │
├──────────────┼─────────┼──────────┼──────────┼──────────┤
│ y := y * x   │ w: I_6  │ x: ?_51  │ y: ?_56  │ z: ?_54  │
├──────────────┼─────────┼──────────┼──────────┼──────────┤
│ z := z + y   │ w: I_6  │ x: ?_51  │ y: ?_56  │ z: ?_57  │
├──────────────┼─────────┼──────────┼──────────┼──────────┤
│ w := input() │ w: I_7  │ x: ?_51  │ y: ?_56  │ z: ?_57  │
├──────────────┼─────────┼──────────┼──────────┼──────────┤
│ x := x * 0   │ w: I_7  │ x:   0   │ y: ?_56  │ z: ?_57  │
├──────────────┼─────────┼──────────┼──────────┼──────────┤
│ x := x + z   │ w: I_7  │ x: ?_57  │ y: ?_56  │ z: ?_57  │
├──────────────┼─────────┼──────────┼──────────┼──────────┤
│ x := x % 26  │ w: I_7  │ x: ?_58  │ y: ?_56  │ z: ?_57  │
├──────────────┼─────────┼──────────┼──────────┼──────────┤
│ z := z / 26  │ w: I_7  │ x: ?_58  │ y: ?_56  │ z: ?_59  │
├──────────────┼─────────┼──────────┼──────────┼──────────┤
│ x := x + -4  │ w: I_7  │ x: ?_60  │ y: ?_56  │ z: ?_59  │
├──────────────┼─────────┼──────────┼──────────┼──────────┤
│ x := x = w   │ w: I_7  │ x: ?_61  │ y: ?_56  │ z: ?_59  │
├──────────────┼─────────┼──────────┼──────────┼──────────┤
│ x := x = 0   │ w: I_7  │ x: ?_62  │ y: ?_56  │ z: ?_59  │
├──────────────┼─────────┼──────────┼──────────┼──────────┤
│ y := y * 0   │ w: I_7  │ x: ?_62  │ y:   0   │ z: ?_59  │
├──────────────┼─────────┼──────────┼──────────┼──────────┤
│ y := y + 25  │ w: I_7  │ x: ?_62  │ y:  25   │ z: ?_59  │
├──────────────┼─────────┼──────────┼──────────┼──────────┤
│ y := y * x   │ w: I_7  │ x: ?_62  │ y: ?_63  │ z: ?_59  │
├──────────────┼─────────┼──────────┼──────────┼──────────┤
│ y := y + 1   │ w: I_7  │ x: ?_62  │ y: ?_64  │ z: ?_59  │
├──────────────┼─────────┼──────────┼──────────┼──────────┤
│ z := z * y   │ w: I_7  │ x: ?_62  │ y: ?_64  │ z: ?_65  │
├──────────────┼─────────┼──────────┼──────────┼──────────┤
│ y := y * 0   │ w: I_7  │ x: ?_62  │ y:   0   │ z: ?_65  │
├──────────────┼─────────┼──────────┼──────────┼──────────┤
│ y := y + w   │ w: I_7  │ x: ?_62  │ y: I_7   │ z: ?_65  │
├──────────────┼─────────┼──────────┼──────────┼──────────┤
│ y := y + 9   │ w: I_7  │ x: ?_62  │ y: ?_66  │ z: ?_65  │
├──────────────┼─────────┼──────────┼──────────┼──────────┤
│ y := y * x   │ w: I_7  │ x: ?_62  │ y: ?_67  │ z: ?_65  │
├──────────────┼─────────┼──────────┼──────────┼──────────┤
│ z := z + y   │ w: I_7  │ x: ?_62  │ y: ?_67  │ z: ?_68  │
├──────────────┼─────────┼──────────┼──────────┼──────────┤
│ w := input() │ w: I_8  │ x: ?_62  │ y: ?_67  │ z: ?_68  │
├──────────────┼─────────┼──────────┼──────────┼──────────┤
│ x := x * 0   │ w: I_8  │ x:   0   │ y: ?_67  │ z: ?_68  │
├──────────────┼─────────┼──────────┼──────────┼──────────┤
│ x := x + z   │ w: I_8  │ x: ?_68  │ y: ?_67  │ z: ?_68  │
├──────────────┼─────────┼──────────┼──────────┼──────────┤
│ x := x % 26  │ w: I_8  │ x: ?_69  │ y: ?_67  │ z: ?_68  │
├──────────────┼─────────┼──────────┼──────────┼──────────┤
│ z := z / 26  │ w: I_8  │ x: ?_69  │ y: ?_67  │ z: ?_70  │
├──────────────┼─────────┼──────────┼──────────┼──────────┤
│ x := x + -12 │ w: I_8  │ x: ?_71  │ y: ?_67  │ z: ?_70  │
├──────────────┼─────────┼──────────┼──────────┼──────────┤
│ x := x = w   │ w: I_8  │ x: ?_72  │ y: ?_67  │ z: ?_70  │
├──────────────┼─────────┼──────────┼──────────┼──────────┤
│ x := x = 0   │ w: I_8  │ x: ?_73  │ y: ?_67  │ z: ?_70  │
├──────────────┼─────────┼──────────┼──────────┼──────────┤
│ y := y * 0   │ w: I_8  │ x: ?_73  │ y:   0   │ z: ?_70  │
├──────────────┼─────────┼──────────┼──────────┼──────────┤
│ y := y + 25  │ w: I_8  │ x: ?_73  │ y:  25   │ z: ?_70  │
├──────────────┼─────────┼──────────┼──────────┼──────────┤
│ y := y * x   │ w: I_8  │ x: ?_73  │ y: ?_74  │ z: ?_70  │
├──────────────┼─────────┼──────────┼──────────┼──────────┤
│ y := y + 1   │ w: I_8  │ x: ?_73  │ y: ?_75  │ z: ?_70  │
├──────────────┼─────────┼──────────┼──────────┼──────────┤
│ z := z * y   │ w: I_8  │ x: ?_73  │ y: ?_75  │ z: ?_76  │
├──────────────┼─────────┼──────────┼──────────┼──────────┤
│ y := y * 0   │ w: I_8  │ x: ?_73  │ y:   0   │ z: ?_76  │
├──────────────┼─────────┼──────────┼──────────┼──────────┤
│ y := y + w   │ w: I_8  │ x: ?_73  │ y: I_8   │ z: ?_76  │
├──────────────┼─────────┼──────────┼──────────┼──────────┤
│ y := y + 9   │ w: I_8  │ x: ?_73  │ y: ?_77  │ z: ?_76  │
├──────────────┼─────────┼──────────┼──────────┼──────────┤
│ y := y * x   │ w: I_8  │ x: ?_73  │ y: ?_78  │ z: ?_76  │
├──────────────┼─────────┼──────────┼──────────┼──────────┤
│ z := z + y   │ w: I_8  │ x: ?_73  │ y: ?_78  │ z: ?_79  │
├──────────────┼─────────┼──────────┼──────────┼──────────┤
│ w := input() │ w: I_9  │ x: ?_73  │ y: ?_78  │ z: ?_79  │
├──────────────┼─────────┼──────────┼──────────┼──────────┤
│ x := x * 0   │ w: I_9  │ x:   0   │ y: ?_78  │ z: ?_79  │
├──────────────┼─────────┼──────────┼──────────┼──────────┤
│ x := x + z   │ w: I_9  │ x: ?_79  │ y: ?_78  │ z: ?_79  │
├──────────────┼─────────┼──────────┼──────────┼──────────┤
│ x := x % 26  │ w: I_9  │ x: ?_80  │ y: ?_78  │ z: ?_79  │
├──────────────┼─────────┼──────────┼──────────┼──────────┤
│ z := z / 1   │ w: I_9  │ x: ?_80  │ y: ?_78  │ z: ?_79  │
├──────────────┼─────────┼──────────┼──────────┼──────────┤
│ x := x + 10  │ w: I_9  │ x: ?_81  │ y: ?_78  │ z: ?_79  │
├──────────────┼─────────┼──────────┼──────────┼──────────┤
│ x := x = w   │ w: I_9  │ x: ?_82  │ y: ?_78  │ z: ?_79  │
├──────────────┼─────────┼──────────┼──────────┼──────────┤
│ x := x = 0   │ w: I_9  │ x: ?_83  │ y: ?_78  │ z: ?_79  │
├──────────────┼─────────┼──────────┼──────────┼──────────┤
│ y := y * 0   │ w: I_9  │ x: ?_83  │ y:   0   │ z: ?_79  │
├──────────────┼─────────┼──────────┼──────────┼──────────┤
│ y := y + 25  │ w: I_9  │ x: ?_83  │ y:  25   │ z: ?_79  │
├──────────────┼─────────┼──────────┼──────────┼──────────┤
│ y := y * x   │ w: I_9  │ x: ?_83  │ y: ?_84  │ z: ?_79  │
├──────────────┼─────────┼──────────┼──────────┼──────────┤
│ y := y + 1   │ w: I_9  │ x: ?_83  │ y: ?_85  │ z: ?_79  │
├──────────────┼─────────┼──────────┼──────────┼──────────┤
│ z := z * y   │ w: I_9  │ x: ?_83  │ y: ?_85  │ z: ?_86  │
├──────────────┼─────────┼──────────┼──────────┼──────────┤
│ y := y * 0   │ w: I_9  │ x: ?_83  │ y:   0   │ z: ?_86  │
├──────────────┼─────────┼──────────┼──────────┼──────────┤
│ y := y + w   │ w: I_9  │ x: ?_83  │ y: I_9   │ z: ?_86  │
├──────────────┼─────────┼──────────┼──────────┼──────────┤
│ y := y + 6   │ w: I_9  │ x: ?_83  │ y: ?_87  │ z: ?_86  │
├──────────────┼─────────┼──────────┼──────────┼──────────┤
│ y := y * x   │ w: I_9  │ x: ?_83  │ y: ?_88  │ z: ?_86  │
├──────────────┼─────────┼──────────┼──────────┼──────────┤
│ z := z + y   │ w: I_9  │ x: ?_83  │ y: ?_88  │ z: ?_89  │
├──────────────┼─────────┼──────────┼──────────┼──────────┤
│ w := input() │ w: I_10 │ x: ?_83  │ y: ?_88  │ z: ?_89  │
├──────────────┼─────────┼──────────┼──────────┼──────────┤
│ x := x * 0   │ w: I_10 │ x:   0   │ y: ?_88  │ z: ?_89  │
├──────────────┼─────────┼──────────┼──────────┼──────────┤
│ x := x + z   │ w: I_10 │ x: ?_89  │ y: ?_88  │ z: ?_89  │
├──────────────┼─────────┼──────────┼──────────┼──────────┤
│ x := x % 26  │ w: I_10 │ x: ?_90  │ y: ?_88  │ z: ?_89  │
├──────────────┼─────────┼──────────┼──────────┼──────────┤
│ z := z / 26  │ w: I_10 │ x: ?_90  │ y: ?_88  │ z: ?_91  │
├──────────────┼─────────┼──────────┼──────────┼──────────┤
│ x := x + -11 │ w: I_10 │ x: ?_92  │ y: ?_88  │ z: ?_91  │
├──────────────┼─────────┼──────────┼──────────┼──────────┤
│ x := x = w   │ w: I_10 │ x: ?_93  │ y: ?_88  │ z: ?_91  │
├──────────────┼─────────┼──────────┼──────────┼──────────┤
│ x := x = 0   │ w: I_10 │ x: ?_94  │ y: ?_88  │ z: ?_91  │
├──────────────┼─────────┼──────────┼──────────┼──────────┤
│ y := y * 0   │ w: I_10 │ x: ?_94  │ y:   0   │ z: ?_91  │
├──────────────┼─────────┼──────────┼──────────┼──────────┤
│ y := y + 25  │ w: I_10 │ x: ?_94  │ y:  25   │ z: ?_91  │
├──────────────┼─────────┼──────────┼──────────┼──────────┤
│ y := y * x   │ w: I_10 │ x: ?_94  │ y: ?_95  │ z: ?_91  │
├──────────────┼─────────┼──────────┼──────────┼──────────┤
│ y := y + 1   │ w: I_10 │ x: ?_94  │ y: ?_96  │ z: ?_91  │
├──────────────┼─────────┼──────────┼──────────┼──────────┤
│ z := z * y   │ w: I_10 │ x: ?_94  │ y: ?_96  │ z: ?_97  │
├──────────────┼─────────┼──────────┼──────────┼──────────┤
│ y := y * 0   │ w: I_10 │ x: ?_94  │ y:   0   │ z: ?_97  │
├──────────────┼─────────┼──────────┼──────────┼──────────┤
│ y := y + w   │ w: I_10 │ x: ?_94  │ y: I_10  │ z: ?_97  │
├──────────────┼─────────┼──────────┼──────────┼──────────┤
│ y := y + 4   │ w: I_10 │ x: ?_94  │ y: ?_98  │ z: ?_97  │
├──────────────┼─────────┼──────────┼──────────┼──────────┤
│ y := y * x   │ w: I_10 │ x: ?_94  │ y: ?_99  │ z: ?_97  │
├──────────────┼─────────┼──────────┼──────────┼──────────┤
│ z := z + y   │ w: I_10 │ x: ?_94  │ y: ?_99  │ z: ?_100 │
├──────────────┼─────────┼──────────┼──────────┼──────────┤
│ w := input() │ w: I_11 │ x: ?_94  │ y: ?_99  │ z: ?_100 │
├──────────────┼─────────┼──────────┼──────────┼──────────┤
│ x := x * 0   │ w: I_11 │ x:   0   │ y: ?_99  │ z: ?_100 │
├──────────────┼─────────┼──────────┼──────────┼──────────┤
│ x := x + z   │ w: I_11 │ x: ?_100 │ y: ?_99  │ z: ?_100 │
├──────────────┼─────────┼──────────┼──────────┼──────────┤
│ x := x % 26  │ w: I_11 │ x: ?_101 │ y: ?_99  │ z: ?_100 │
├──────────────┼─────────┼──────────┼──────────┼──────────┤
│ z := z / 1   │ w: I_11 │ x: ?_101 │ y: ?_99  │ z: ?_100 │
├──────────────┼─────────┼──────────┼──────────┼──────────┤
│ x := x + 12  │ w: I_11 │ x: ?_102 │ y: ?_99  │ z: ?_100 │
├──────────────┼─────────┼──────────┼──────────┼──────────┤
│ x := x = w   │ w: I_11 │ x: ?_103 │ y: ?_99  │ z: ?_100 │
├──────────────┼─────────┼──────────┼──────────┼──────────┤
│ x := x = 0   │ w: I_11 │ x: ?_104 │ y: ?_99  │ z: ?_100 │
├──────────────┼─────────┼──────────┼──────────┼──────────┤
│ y := y * 0   │ w: I_11 │ x: ?_104 │ y:   0   │ z: ?_100 │
├──────────────┼─────────┼──────────┼──────────┼──────────┤
│ y := y + 25  │ w: I_11 │ x: ?_104 │ y:  25   │ z: ?_100 │
├──────────────┼─────────┼──────────┼──────────┼──────────┤
│ y := y * x   │ w: I_11 │ x: ?_104 │ y: ?_105 │ z: ?_100 │
├──────────────┼─────────┼──────────┼──────────┼──────────┤
│ y := y + 1   │ w: I_11 │ x: ?_104 │ y: ?_106 │ z: ?_100 │
├──────────────┼─────────┼──────────┼──────────┼──────────┤
│ z := z * y   │ w: I_11 │ x: ?_104 │ y: ?_106 │ z: ?_107 │
├──────────────┼─────────┼──────────┼──────────┼──────────┤
│ y := y * 0   │ w: I_11 │ x: ?_104 │ y:   0   │ z: ?_107 │
├──────────────┼─────────┼──────────┼──────────┼──────────┤
│ y := y + w   │ w: I_11 │ x: ?_104 │ y: I_11  │ z: ?_107 │
├──────────────┼─────────┼──────────┼──────────┼──────────┤
│ y := y + 0   │ w: I_11 │ x: ?_104 │ y: I_11  │ z: ?_107 │
├──────────────┼─────────┼──────────┼──────────┼──────────┤
│ y := y * x   │ w: I_11 │ x: ?_104 │ y: ?_108 │ z: ?_107 │
├──────────────┼─────────┼──────────┼──────────┼──────────┤
│ z := z + y   │ w: I_11 │ x: ?_104 │ y: ?_108 │ z: ?_109 │
├──────────────┼─────────┼──────────┼──────────┼──────────┤
│ w := input() │ w: I_12 │ x: ?_104 │ y: ?_108 │ z: ?_109 │
├──────────────┼─────────┼──────────┼──────────┼──────────┤
│ x := x * 0   │ w: I_12 │ x:   0   │ y: ?_108 │ z: ?_109 │
├──────────────┼─────────┼──────────┼──────────┼──────────┤
│ x := x + z   │ w: I_12 │ x: ?_109 │ y: ?_108 │ z: ?_109 │
├──────────────┼─────────┼──────────┼──────────┼──────────┤
│ x := x % 26  │ w: I_12 │ x: ?_110 │ y: ?_108 │ z: ?_109 │
├──────────────┼─────────┼──────────┼──────────┼──────────┤
│ z := z / 26  │ w: I_12 │ x: ?_110 │ y: ?_108 │ z: ?_111 │
├──────────────┼─────────┼──────────┼──────────┼──────────┤
│ x := x + -1  │ w: I_12 │ x: ?_112 │ y: ?_108 │ z: ?_111 │
├──────────────┼─────────┼──────────┼──────────┼──────────┤
│ x := x = w   │ w: I_12 │ x: ?_113 │ y: ?_108 │ z: ?_111 │
├──────────────┼─────────┼──────────┼──────────┼──────────┤
│ x := x = 0   │ w: I_12 │ x: ?_114 │ y: ?_108 │ z: ?_111 │
├──────────────┼─────────┼──────────┼──────────┼──────────┤
│ y := y * 0   │ w: I_12 │ x: ?_114 │ y:   0   │ z: ?_111 │
├──────────────┼─────────┼──────────┼──────────┼──────────┤
│ y := y + 25  │ w: I_12 │ x: ?_114 │ y:  25   │ z: ?_111 │
├──────────────┼─────────┼──────────┼──────────┼──────────┤
│ y := y * x   │ w: I_12 │ x: ?_114 │ y: ?_115 │ z: ?_111 │
├──────────────┼─────────┼──────────┼──────────┼──────────┤
│ y := y + 1   │ w: I_12 │ x: ?_114 │ y: ?_116 │ z: ?_111 │
├──────────────┼─────────┼──────────┼──────────┼──────────┤
│ z := z * y   │ w: I_12 │ x: ?_114 │ y: ?_116 │ z: ?_117 │
├──────────────┼─────────┼──────────┼──────────┼──────────┤
│ y := y * 0   │ w: I_12 │ x: ?_114 │ y:   0   │ z: ?_117 │
├──────────────┼─────────┼──────────┼──────────┼──────────┤
│ y := y + w   │ w: I_12 │ x: ?_114 │ y: I_12  │ z: ?_117 │
├──────────────┼─────────┼──────────┼──────────┼──────────┤
│ y := y + 7   │ w: I_12 │ x: ?_114 │ y: ?_118 │ z: ?_117 │
├──────────────┼─────────┼──────────┼──────────┼──────────┤
│ y := y * x   │ w: I_12 │ x: ?_114 │ y: ?_119 │ z: ?_117 │
├──────────────┼─────────┼──────────┼──────────┼──────────┤
│ z := z + y   │ w: I_12 │ x: ?_114 │ y: ?_119 │ z: ?_120 │
├──────────────┼─────────┼──────────┼──────────┼──────────┤
│ w := input() │ w: I_13 │ x: ?_114 │ y: ?_119 │ z: ?_120 │
├──────────────┼─────────┼──────────┼──────────┼──────────┤
│ x := x * 0   │ w: I_13 │ x:   0   │ y: ?_119 │ z: ?_120 │
├──────────────┼─────────┼──────────┼──────────┼──────────┤
│ x := x + z   │ w: I_13 │ x: ?_120 │ y: ?_119 │ z: ?_120 │
├──────────────┼─────────┼──────────┼──────────┼──────────┤
│ x := x % 26  │ w: I_13 │ x: ?_121 │ y: ?_119 │ z: ?_120 │
├──────────────┼─────────┼──────────┼──────────┼──────────┤
│ z := z / 26  │ w: I_13 │ x: ?_121 │ y: ?_119 │ z: ?_122 │
├──────────────┼─────────┼──────────┼──────────┼──────────┤
│ x := x + 0   │ w: I_13 │ x: ?_121 │ y: ?_119 │ z: ?_122 │
├──────────────┼─────────┼──────────┼──────────┼──────────┤
│ x := x = w   │ w: I_13 │ x: ?_123 │ y: ?_119 │ z: ?_122 │
├──────────────┼─────────┼──────────┼──────────┼──────────┤
│ x := x = 0   │ w: I_13 │ x: ?_124 │ y: ?_119 │ z: ?_122 │
├──────────────┼─────────┼──────────┼──────────┼──────────┤
│ y := y * 0   │ w: I_13 │ x: ?_124 │ y:   0   │ z: ?_122 │
├──────────────┼─────────┼──────────┼──────────┼──────────┤
│ y := y + 25  │ w: I_13 │ x: ?_124 │ y:  25   │ z: ?_122 │
├──────────────┼─────────┼──────────┼──────────┼──────────┤
│ y := y * x   │ w: I_13 │ x: ?_124 │ y: ?_125 │ z: ?_122 │
├──────────────┼─────────┼──────────┼──────────┼──────────┤
│ y := y + 1   │ w: I_13 │ x: ?_124 │ y: ?_126 │ z: ?_122 │
├──────────────┼─────────┼──────────┼──────────┼──────────┤
│ z := z * y   │ w: I_13 │ x: ?_124 │ y: ?_126 │ z: ?_127 │
├──────────────┼─────────┼──────────┼──────────┼──────────┤
│ y := y * 0   │ w: I_13 │ x: ?_124 │ y:   0   │ z: ?_127 │
├──────────────┼─────────┼──────────┼──────────┼──────────┤
│ y := y + w   │ w: I_13 │ x: ?_124 │ y: I_13  │ z: ?_127 │
├──────────────┼─────────┼──────────┼──────────┼──────────┤
│ y := y + 12  │ w: I_13 │ x: ?_124 │ y: ?_128 │ z: ?_127 │
├──────────────┼─────────┼──────────┼──────────┼──────────┤
│ y := y * x   │ w: I_13 │ x: ?_124 │ y: ?_129 │ z: ?_127 │
├──────────────┼─────────┼──────────┼──────────┼──────────┤
│ z := z + y   │ w: I_13 │ x: ?_124 │ y: ?_129 │ z: ?_130 │
├──────────────┼─────────┼──────────┼──────────┼──────────┤
│ w := input() │ w: I_14 │ x: ?_124 │ y: ?_129 │ z: ?_130 │
├──────────────┼─────────┼──────────┼──────────┼──────────┤
│ x := x * 0   │ w: I_14 │ x:   0   │ y: ?_129 │ z: ?_130 │
├──────────────┼─────────┼──────────┼──────────┼──────────┤
│ x := x + z   │ w: I_14 │ x: ?_130 │ y: ?_129 │ z: ?_130 │
├──────────────┼─────────┼──────────┼──────────┼──────────┤
│ x := x % 26  │ w: I_14 │ x: ?_131 │ y: ?_129 │ z: ?_130 │
├──────────────┼─────────┼──────────┼──────────┼──────────┤
│ z := z / 26  │ w: I_14 │ x: ?_131 │ y: ?_129 │ z: ?_132 │
├──────────────┼─────────┼──────────┼──────────┼──────────┤
│ x := x + -11 │ w: I_14 │ x: ?_133 │ y: ?_129 │ z: ?_132 │
├──────────────┼─────────┼──────────┼──────────┼──────────┤
│ x := x = w   │ w: I_14 │ x: ?_134 │ y: ?_129 │ z: ?_132 │
├──────────────┼─────────┼──────────┼──────────┼──────────┤
│ x := x = 0   │ w: I_14 │ x: ?_135 │ y: ?_129 │ z: ?_132 │
├──────────────┼─────────┼──────────┼──────────┼──────────┤
│ y := y * 0   │ w: I_14 │ x: ?_135 │ y:   0   │ z: ?_132 │
├──────────────┼─────────┼──────────┼──────────┼──────────┤
│ y := y + 25  │ w: I_14 │ x: ?_135 │ y:  25   │ z: ?_132 │
├──────────────┼─────────┼──────────┼──────────┼──────────┤
│ y := y * x   │ w: I_14 │ x: ?_135 │ y: ?_136 │ z: ?_132 │
├──────────────┼─────────┼──────────┼──────────┼──────────┤
│ y := y + 1   │ w: I_14 │ x: ?_135 │ y: ?_137 │ z: ?_132 │
├──────────────┼─────────┼──────────┼──────────┼──────────┤
│ z := z * y   │ w: I_14 │ x: ?_135 │ y: ?_137 │ z: ?_138 │
├──────────────┼─────────┼──────────┼──────────┼──────────┤
│ y := y * 0   │ w: I_14 │ x: ?_135 │ y:   0   │ z: ?_138 │
├──────────────┼─────────┼──────────┼──────────┼──────────┤
│ y := y + w   │ w: I_14 │ x: ?_135 │ y: I_14  │ z: ?_138 │
├──────────────┼─────────┼──────────┼──────────┼──────────┤
│ y := y + 1   │ w: I_14 │ x: ?_135 │ y: ?_139 │ z: ?_138 │
├──────────────┼─────────┼──────────┼──────────┼──────────┤
│ y := y * x   │ w: I_14 │ x: ?_135 │ y: ?_140 │ z: ?_138 │
├──────────────┼─────────┼──────────┼──────────┼──────────┤
│ z := z + y   │ w: I_14 │ x: ?_135 │ y: ?_140 │ z: ?_141 │
╘══════════════╧═════════╧══════════╧══════════╧══════════╛

